Copyright 1986-2022 Xilinx, Inc. All Rights Reserved.
------------------------------------------------------------------------------------------
| Tool Version : Vivado v.2022.2 (win64) Build 3671981 Fri Oct 14 05:00:03 MDT 2022
| Date         : Tue Dec 19 03:04:54 2023
| Host         : RaijinPC running 64-bit major release  (build 9200)
| Command      : report_control_sets -verbose -file OTTER_Wrapper_control_sets_placed.rpt
| Design       : OTTER_Wrapper
| Device       : xc7a35t
------------------------------------------------------------------------------------------

Control Set Information

Table of Contents
-----------------
1. Summary
2. Histogram
3. Flip-Flop Distribution
4. Detailed Control Set Information

1. Summary
----------

+----------------------------------------------------------+-------+
|                          Status                          | Count |
+----------------------------------------------------------+-------+
| Total control sets                                       |    13 |
|    Minimum number of control sets                        |    13 |
|    Addition due to synthesis replication                 |     0 |
|    Addition due to physical synthesis replication        |     0 |
| Unused register locations in slices containing registers |    26 |
+----------------------------------------------------------+-------+
* Control sets can be merged at opt_design using control_set_merge or merge_equivalent_drivers
** Run report_qor_suggestions for automated merging and remapping suggestions


2. Histogram
------------

+--------------------+-------+
|       Fanout       | Count |
+--------------------+-------+
| Total control sets |    13 |
| >= 0 to < 4        |     1 |
| >= 4 to < 6        |     1 |
| >= 6 to < 8        |     0 |
| >= 8 to < 10       |     2 |
| >= 10 to < 12      |     0 |
| >= 12 to < 14      |     0 |
| >= 14 to < 16      |     0 |
| >= 16              |     9 |
+--------------------+-------+
* Control sets can be remapped at either synth_design or opt_design


3. Flip-Flop Distribution
-------------------------

+--------------+-----------------------+------------------------+-----------------+--------------+
| Clock Enable | Synchronous Set/Reset | Asynchronous Set/Reset | Total Registers | Total Slices |
+--------------+-----------------------+------------------------+-----------------+--------------+
| No           | No                    | No                     |             207 |           85 |
| No           | No                    | Yes                    |               0 |            0 |
| No           | Yes                   | No                     |             212 |           69 |
| Yes          | No                    | No                     |              60 |           29 |
| Yes          | No                    | Yes                    |               0 |            0 |
| Yes          | Yes                   | No                     |             143 |           73 |
+--------------+-----------------------+------------------------+-----------------+--------------+


4. Detailed Control Set Information
-----------------------------------

+----------------+----------------------------------------------------+--------------------------------------------------+------------------+----------------+--------------+
|  Clock Signal  |                    Enable Signal                   |                 Set/Reset Signal                 | Slice Load Count | Bel Load Count | Bels / Slice |
+----------------+----------------------------------------------------+--------------------------------------------------+------------------+----------------+--------------+
|  clk_IBUF_BUFG |                                                    |                                                  |                1 |              1 |         1.00 |
|  s_clk_BUFG    | my_otter/pipeline_reg_E_M/E[0]                     |                                                  |                1 |              4 |         4.00 |
|  s_clk_BUFG    | my_otter/pipeline_reg_E_M/ALU_result_M_reg[3]_1[0] |                                                  |                3 |              8 |         2.67 |
| ~s_clk_BUFG    |                                                    |                                                  |                5 |              9 |         1.80 |
|  s_clk_BUFG    |                                                    | my_otter/pipeline_reg_E_M/ALU_result_M_reg[28]_0 |                5 |             16 |         3.20 |
|  s_clk_BUFG    | my_otter/pipeline_reg_E_M/ALU_result_M_reg[3]_0[0] |                                                  |               12 |             16 |         1.33 |
|  s_clk_BUFG    | my_otter/pipeline_reg_E_M/D[0]                     | my_otter/pipeline_reg_E_M/rf_wr_sel_M_reg[0]_0   |                5 |             16 |         3.20 |
|  s_clk_BUFG    | my_otter/pipeline_reg_D_E/E[0]                     | my_cpu_fsm/SR[0]                                 |               15 |             32 |         2.13 |
| ~s_clk_BUFG    | memRead_data_W_reg[7]_i_7_n_0                      |                                                  |               13 |             32 |         2.46 |
| ~s_clk_BUFG    | my_otter/pipeline_reg_M_W/p_0_in__0                |                                                  |               11 |             88 |         8.00 |
|  s_clk_BUFG    | my_otter/pipeline_reg_D_E/E[0]                     | my_otter/pipeline_reg_D_E/SR[0]                  |               53 |             95 |         1.79 |
|  s_clk_BUFG    |                                                    | my_otter/pipeline_reg_D_E/flush_E                |               64 |            196 |         3.06 |
|  s_clk_BUFG    |                                                    |                                                  |               79 |            197 |         2.49 |
+----------------+----------------------------------------------------+--------------------------------------------------+------------------+----------------+--------------+


